14:29:28 **** Incremental Build of configuration Debug for project uart_init ****
make -j16 all 
arm-none-eabi-gcc "../Core/Src/main.c" -mcpu=cortex-m4 -std=gnu11 -g3 -DDEBUG -DUSE_HAL_DRIVER -DSTM32F407xx -c -I../Core/Inc -I../Drivers/STM32F4xx_HAL_Driver/Inc -I../Drivers/STM32F4xx_HAL_Driver/Inc/Legacy -I../Drivers/CMSIS/Device/ST/STM32F4xx/Include -I../Drivers/CMSIS/Include -O0 -ffunction-sections -fdata-sections -Wall -fstack-usage -fcyclomatic-complexity -MMD -MP -MF"Core/Src/main.d" -MT"Core/Src/main.o" --specs=nano.specs -mfpu=fpv4-sp-d16 -mfloat-abi=hard -mthumb -o "Core/Src/main.o"
arm-none-eabi-gcc -o "uart_init.elf" @"objects.list"   -mcpu=cortex-m4 -T"/home/sanyamchoraria/project/tmc5160-spi-eldd/stage1_stm32/uart_init/STM32F407VGTX_FLASH.ld" --specs=nosys.specs -Wl,-Map="uart_init.map" -Wl,--gc-sections -static --specs=nano.specs -mfpu=fpv4-sp-d16 -mfloat-abi=hard -mthumb -Wl,--start-group -lc -lm -Wl,--end-group
Finished building target: uart_init.elf
 
arm-none-eabi-size  uart_init.elf 
arm-none-eabi-objdump -h -S uart_init.elf  > "uart_init.list"
   text	   data	    bss	    dec	    hex	filename
  14184	     92	   2060	  16336	   3fd0	uart_init.elf
Finished building: default.size.stdout
 
Finished building: uart_init.list
 
