14:49:38 **** Incremental Build of configuration Debug for project uart_init ****
make -j16 all 
arm-none-eabi-gcc "../Core/Src/main.c" -mcpu=cortex-m4 -std=gnu11 -g3 -DDEBUG -DUSE_HAL_DRIVER -DSTM32F407xx -c -I../Core/Inc -I../Drivers/STM32F4xx_HAL_Driver/Inc -I../Drivers/STM32F4xx_HAL_Driver/Inc/Legacy -I../Drivers/CMSIS/Device/ST/STM32F4xx/Include -I../Drivers/CMSIS/Include -O0 -ffunction-sections -fdata-sections -Wall -fstack-usage -fcyclomatic-complexity -MMD -MP -MF"Core/Src/main.d" -MT"Core/Src/main.o" --specs=nano.specs -mfpu=fpv4-sp-d16 -mfloat-abi=hard -mthumb -o "Core/Src/main.o"
../Core/Src/main.c: In function 'main':
../Core/Src/main.c:362:135: warning: ' ustep/fullstep). Watch the ...' directive writing 57 bytes into a region of size 54 [-Wformat-overflow=]
  362 |   sprintf(buf, "Position mode -- XTARGET=%d (%d rev of a %d step/rev motor at %d ustep/fullstep). Watch the shaft AND the log together.\r\n",
      |                                                                                 ~~~~~~~~~~~~~~~~~~~~~~~~~~~~~~~~~~~~~~~~~~~~~~~~~~~~~~^~~~~
../Core/Src/main.c:362:3: note: 'sprintf' output 124 bytes into a destination of size 120
  362 |   sprintf(buf, "Position mode -- XTARGET=%d (%d rev of a %d step/rev motor at %d ustep/fullstep). Watch the shaft AND the log together.\r\n",
      |   ^~~~~~~~~~~~~~~~~~~~~~~~~~~~~~~~~~~~~~~~~~~~~~~~~~~~~~~~~~~~~~~~~~~~~~~~~~~~~~~~~~~~~~~~~~~~~~~~~~~~~~~~~~~~~~~~~~~~~~~~~~~~~~~~~~~~~~~~~~~
  363 |           TEST_XTARGET, REVOLUTIONS_TO_MOVE, MOTOR_FULLSTEPS_PER_REV, MICROSTEPS_PER_FULLSTEP);
      |           ~~~~~~~~~~~~~~~~~~~~~~~~~~~~~~~~~~~~~~~~~~~~~~~~~~~~~~~~~~~~~~~~~~~~~~~~~~~~~~~~~~~~
arm-none-eabi-gcc -o "uart_init.elf" @"objects.list"   -mcpu=cortex-m4 -T"/home/sanyamchoraria/project/tmc5160-spi-eldd/stage1_stm32/uart_init/STM32F407VGTX_FLASH.ld" --specs=nosys.specs -Wl,-Map="uart_init.map" -Wl,--gc-sections -static --specs=nano.specs -mfpu=fpv4-sp-d16 -mfloat-abi=hard -mthumb -Wl,--start-group -lc -lm -Wl,--end-group
Finished building target: uart_init.elf
 
arm-none-eabi-size  uart_init.elf 
arm-none-eabi-objdump -h -S uart_init.elf  > "uart_init.list"
   text	   data	    bss	    dec	    hex	filename
  14596	     92	   2060	  16748	   416c	uart_init.elf
Finished building: default.size.stdout
 
Finished building: uart_init.list
 
14:49:57 **** Incremental Build of configuration Debug for project uart_init ****
make -j16 all 
arm-none-eabi-size  uart_init.elf 
   text	   data	    bss	    dec	    hex	filename
  14596	     92	   2060	  16748	   416c	uart_init.elf
Finished building: default.size.stdout
 
