14:17:52 **** Incremental Build of configuration Debug for project moduletesting ****
make -j16 all 
arm-none-eabi-gcc "../Core/Src/main.c" -mcpu=cortex-m4 -std=gnu11 -g3 -DDEBUG -DUSE_HAL_DRIVER -DSTM32F407xx -c -I../Core/Inc -I../Drivers/STM32F4xx_HAL_Driver/Inc -I../Drivers/STM32F4xx_HAL_Driver/Inc/Legacy -I../Drivers/CMSIS/Device/ST/STM32F4xx/Include -I../Drivers/CMSIS/Include -O0 -ffunction-sections -fdata-sections -Wall -fstack-usage -fcyclomatic-complexity -MMD -MP -MF"Core/Src/main.d" -MT"Core/Src/main.o" --specs=nano.specs -mfpu=fpv4-sp-d16 -mfloat-abi=hard -mthumb -o "Core/Src/main.o"
arm-none-eabi-gcc -o "moduletesting.elf" @"objects.list"   -mcpu=cortex-m4 -T"/home/sanyamchoraria/project/tmc5160-spi-eldd/stage1_stm32/uart_init/STM32F407VGTX_FLASH.ld" --specs=nosys.specs -Wl,-Map="moduletesting.map" -Wl,--gc-sections -static --specs=nano.specs -mfpu=fpv4-sp-d16 -mfloat-abi=hard -mthumb -Wl,--start-group -lc -lm -Wl,--end-group
Finished building target: moduletesting.elf
 
arm-none-eabi-size  moduletesting.elf 
arm-none-eabi-objdump -h -S moduletesting.elf  > "moduletesting.list"
   text	   data	    bss	    dec	    hex	filename
  15452	     92	   2068	  17612	   44cc	moduletesting.elf
Finished building: default.size.stdout
 
Finished building: moduletesting.list
 
