../Core/Src/main.c:168:6:print_uart	1
../Core/Src/main.c:174:6:tmc5160_write_reg	1
../Core/Src/main.c:195:10:tmc5160_read_reg	1
../Core/Src/main.c:216:6:tmc5160_status_line	1
../Core/Src/main.c:238:13:tmc5160_report_faults	13
../Core/Src/main.c:271:13:DWT_Init	1
../Core/Src/main.c:278:13:delay_us	2
../Core/Src/main.c:287:17:angle_to_microsteps	1
../Core/Src/main.c:298:13:tmc_step_move	2
../Core/Src/main.c:318:5:main	5
../Core/Src/main.c:468:6:SystemClock_Config	3
../Core/Src/main.c:515:13:MX_SPI1_Init	2
../Core/Src/main.c:553:13:MX_USART2_UART_Init	2
../Core/Src/main.c:586:13:MX_GPIO_Init	1
../Core/Src/main.c:669:6:HAL_GPIO_EXTI_Callback	3
../Core/Src/main.c:686:6:EXTI2_IRQHandler	1
../Core/Src/main.c:691:6:EXTI3_IRQHandler	1
../Core/Src/main.c:702:6:Error_Handler	1
