../Core/Src/main.c:107:6:print_uart	16	static
../Core/Src/main.c:112:6:tmc5160_write_reg	40	static
../Core/Src/main.c:128:10:tmc5160_read_reg	40	static
../Core/Src/main.c:144:13:tmc5160_report_faults	136	static
../Core/Src/main.c:209:13:DWT_Init	4	static
../Core/Src/main.c:215:13:delay_us	24	static
../Core/Src/main.c:223:17:angle_to_microsteps	56	static
../Core/Src/main.c:231:13:tmc_step_move	24	static
../Core/Src/main.c:249:5:main	168	static
../Core/Src/main.c:377:6:SystemClock_Config	88	static
../Core/Src/main.c:424:13:MX_SPI1_Init	8	static
../Core/Src/main.c:462:13:MX_USART2_UART_Init	8	static
../Core/Src/main.c:495:13:MX_GPIO_Init	40	static
../Core/Src/main.c:575:6:HAL_GPIO_EXTI_Callback	16	static
../Core/Src/main.c:584:6:EXTI2_IRQHandler	8	static
../Core/Src/main.c:588:6:EXTI3_IRQHandler	8	static
../Core/Src/main.c:598:6:Error_Handler	4	static,ignoring_inline_asm
