../Core/Src/main.c:99:6:print_uart	16	static
../Core/Src/main.c:105:6:tmc5160_write_reg	40	static
../Core/Src/main.c:126:10:tmc5160_read_reg	40	static
../Core/Src/main.c:147:6:tmc5160_status_line	208	static
../Core/Src/main.c:186:5:main	144	static
../Core/Src/main.c:330:6:SystemClock_Config	88	static
../Core/Src/main.c:377:13:MX_SPI1_Init	8	static
../Core/Src/main.c:415:13:MX_USART2_UART_Init	8	static
../Core/Src/main.c:448:13:MX_GPIO_Init	40	static
../Core/Src/main.c:492:6:Error_Handler	4	static,ignoring_inline_asm
