../Core/Src/main.c:107:6:print_uart	1
../Core/Src/main.c:112:6:tmc5160_write_reg	1
../Core/Src/main.c:128:10:tmc5160_read_reg	1
../Core/Src/main.c:144:13:tmc5160_report_faults	13
../Core/Src/main.c:209:13:DWT_Init	1
../Core/Src/main.c:215:13:delay_us	2
../Core/Src/main.c:223:17:angle_to_microsteps	1
../Core/Src/main.c:231:13:tmc_step_move	2
../Core/Src/main.c:249:5:main	4
../Core/Src/main.c:377:6:SystemClock_Config	3
../Core/Src/main.c:424:13:MX_SPI1_Init	2
../Core/Src/main.c:462:13:MX_USART2_UART_Init	2
../Core/Src/main.c:495:13:MX_GPIO_Init	1
../Core/Src/main.c:575:6:HAL_GPIO_EXTI_Callback	3
../Core/Src/main.c:584:6:EXTI2_IRQHandler	1
../Core/Src/main.c:588:6:EXTI3_IRQHandler	1
../Core/Src/main.c:598:6:Error_Handler	1
